Removed Pin From Net: NetName=GND Pin=J1-1
Removed Pin From Net: NetName=3v3 Pin=J1-2
Removed Pin From Net: NetName=GND Pin=J1-3
Removed Pin From Net: NetName=5v Pin=J1-4
Removed Pin From Net: NetName=GND Pin=J1-5
Removed Pin From Net: NetName=Vin Pin=J1-6
Removed Member From Class: ClassName=PCB_Curso_Octubre Member=J1
Added Component: Designator=J34(PHOENIX_1729160)
Add component (AddParameter): Name = "Check_prices"; Value = "https://www.snapeda.com/parts/1729160/Phoenix+Contact/view-part/?ref=eda"; VariantName = "[No Variations]"
Add component (AddParameter): Name = "MF"; Value = "Phoenix Contact"; VariantName = "[No Variations]"
Add component (AddParameter): Name = "MP"; Value = "1729160"; VariantName = "[No Variations]"
Add component (AddParameter): Name = "Package"; Value = "None"; VariantName = "[No Variations]"
Add component (AddParameter): Name = "SnapEDA_Link"; Value = "https://www.snapeda.com/parts/1729160/Phoenix+Contact/view-part/?ref=snap"; VariantName = "[No Variations]"
Add component (AddParameter): Name = "Value"; Value = ""; VariantName = "[No Variations]"
Added Pin To Net: NetName=GND Pin=J34-1
Added Pin To Net: NetName=3v3 Pin=J34-2
Added Pin To Net: NetName=GND Pin=J34-3
Added Pin To Net: NetName=5v Pin=J34-4
Added Pin To Net: NetName=GND Pin=J34-5
Added Pin To Net: NetName=Vin Pin=J34-6
Added Member To Class: ClassName=PCB_Curso_Octubre Member=Component J34 1729160
Added Member To Class: ClassName=PCB_Curso_Octubre Member=Component R2 10k
